.................F....FF........................FF...F..F...             [100%]
================================== FAILURES ===================================
____________ test_worker_complete_triggers_oldest_queued_modal_job ____________

    def test_worker_complete_triggers_oldest_queued_modal_job():
        reset_database()
        original_token = config.settings.WORKER_API_TOKEN
        original_mode = config.settings.PROCESSING_MODE
        session = TestingSessionLocal()
        try:
            owner = create_user(session, "handoff-owner", "handoff@example.com")
            first = models.Transcription(
                title="Complete first",
                user_id=owner.id,
                selected_stem="other",
                original_audio_url="https://res.cloudinary.com/demo/video/upload/first.wav",
                is_processed=False,
                processing_status="processing",
            )
            second = models.Transcription(
                title="Queued second",
                user_id=owner.id,
                selected_stem="bass",
                original_audio_url="https://res.cloudinary.com/demo/video/upload/second.wav",
                is_processed=False,
                processing_status="queued",
                created_at=datetime.utcnow() + timedelta(seconds=1),
            )
            session.add_all([first, second])
            session.commit()
            first_id = first.id
            second_id = second.id
            config.settings.WORKER_API_TOKEN = "test-worker-token"
            config.settings.PROCESSING_MODE = "modal"
        finally:
            session.close()
    
        try:
            with patch("app.api.v1.endpoints.audio._trigger_modal_worker") as modal_trigger_mock:
                response = client.post(
                    f"/api/v1/worker/jobs/{first_id}/complete",
                    headers={"X-Worker-Token": "test-worker-token"},
                    json={
                        "notes_data": {"notes": [{"pitch": 64, "onset": 0.0, "offset": 0.5}]},
                        "tablature_data": {"instrument": "guitar", "tablature": []},
                    },
                )
        finally:
            config.settings.WORKER_API_TOKEN = original_token
            config.settings.PROCESSING_MODE = original_mode
    
        assert response.status_code == 200
>       modal_trigger_mock.assert_called_once_with(second_id)

tests\test_audio_list_endpoint.py:612: 
_ _ _ _ _ _ _ _ _ _ _ _ _ _ _ _ _ _ _ _ _ _ _ _ _ _ _ _ _ _ _ _ _ _ _ _ _ _ _ _
C:\Program Files\WindowsApps\PythonSoftwareFoundation.Python.3.13_3.13.3568.0_x64__qbz5n2kfra8p0\Lib\unittest\mock.py:991: in assert_called_once_with
    return self.assert_called_with(*args, **kwargs)
_ _ _ _ _ _ _ _ _ _ _ _ _ _ _ _ _ _ _ _ _ _ _ _ _ _ _ _ _ _ _ _ _ _ _ _ _ _ _ _

self = <MagicMock name='_trigger_modal_worker' id='2132498634736'>, args = (2,)
kwargs = {}, expected = call(2), actual = call(2, 'process', None, None)
_error_message = <function NonCallableMock.assert_called_with.<locals>._error_message at 0x000001F082C30680>
cause = None

    def assert_called_with(self, /, *args, **kwargs):
        """assert that the last call was made with the specified arguments.
    
        Raises an AssertionError if the args and keyword args passed in are
        different to the last call to the mock."""
        if self.call_args is None:
            expected = self._format_mock_call_signature(args, kwargs)
            actual = 'not called.'
            error_message = ('expected call not found.\nExpected: %s\n  Actual: %s'
                    % (expected, actual))
            raise AssertionError(error_message)
    
        def _error_message():
            msg = self._format_mock_failure_message(args, kwargs)
            return msg
        expected = self._call_matcher(_Call((args, kwargs), two=True))
        actual = self._call_matcher(self.call_args)
        if actual != expected:
            cause = expected if isinstance(expected, Exception) else None
>           raise AssertionError(_error_message()) from cause
E           AssertionError: expected call not found.
E           Expected: _trigger_modal_worker(2)
E             Actual: _trigger_modal_worker(2, 'process', None, None)

C:\Program Files\WindowsApps\PythonSoftwareFoundation.Python.3.13_3.13.3568.0_x64__qbz5n2kfra8p0\Lib\unittest\mock.py:979: AssertionError
______ test_worker_complete_persists_empty_notes_warning_for_modal_stem _______

    def test_worker_complete_persists_empty_notes_warning_for_modal_stem():
        reset_database()
        original_token = config.settings.WORKER_API_TOKEN
        session = TestingSessionLocal()
        try:
            owner = create_user(session, "modal-warning-owner", "modal-warning-owner@example.com")
            transcription = models.Transcription(
                title="Modal warning job",
                user_id=owner.id,
                selected_stem="other",
                original_audio_url="https://res.cloudinary.com/demo/video/upload/source.wav",
                is_processed=False,
                processing_status="processing",
            )
            session.add(transcription)
            session.commit()
            transcription_id = transcription.id
            config.settings.WORKER_API_TOKEN = "test-worker-token"
        finally:
            session.close()
    
        try:
            response = client.post(
                f"/api/v1/worker/jobs/{transcription_id}/complete",
                headers={"X-Worker-Token": "test-worker-token"},
                json={
                    "separated_audio_url": "https://res.cloudinary.com/demo/video/upload/stem.wav",
                    "separated_audio_public_id": "musicstudio/stem",
                    "confidence": 90,
                    "track_metadata": {
                        "confidence_notes": "Selected stem separated by Modal/Demucs.",
                    },
                },
            )
        finally:
            config.settings.WORKER_API_TOKEN = original_token
    
        assert response.status_code == 200
        payload = response.json()
        assert payload["processing_status"] == "completed_with_warning"
        assert payload["warning_message"] == "No note events detected for this stem."
>       assert json.loads(payload["notes_data"]) == {
            "notes": [],
            "message": "No note events detected for this stem.",
        }

tests\test_audio_list_endpoint.py:831: 
_ _ _ _ _ _ _ _ _ _ _ _ _ _ _ _ _ _ _ _ _ _ _ _ _ _ _ _ _ _ _ _ _ _ _ _ _ _ _ _

s = None, cls = None, object_hook = None, parse_float = None, parse_int = None
parse_constant = None, object_pairs_hook = None, kw = {}

    def loads(s, *, cls=None, object_hook=None, parse_float=None,
            parse_int=None, parse_constant=None, object_pairs_hook=None, **kw):
        """Deserialize ``s`` (a ``str``, ``bytes`` or ``bytearray`` instance
        containing a JSON document) to a Python object.
    
        ``object_hook`` is an optional function that will be called with the
        result of any object literal decode (a ``dict``). The return value of
        ``object_hook`` will be used instead of the ``dict``. This feature
        can be used to implement custom decoders (e.g. JSON-RPC class hinting).
    
        ``object_pairs_hook`` is an optional function that will be called with
        the result of any object literal decoded with an ordered list of pairs.
        The return value of ``object_pairs_hook`` will be used instead of the
        ``dict``.  This feature can be used to implement custom decoders.  If
        ``object_hook`` is also defined, the ``object_pairs_hook`` takes
        priority.
    
        ``parse_float``, if specified, will be called with the string
        of every JSON float to be decoded. By default this is equivalent to
        float(num_str). This can be used to use another datatype or parser
        for JSON floats (e.g. decimal.Decimal).
    
        ``parse_int``, if specified, will be called with the string
        of every JSON int to be decoded. By default this is equivalent to
        int(num_str). This can be used to use another datatype or parser
        for JSON integers (e.g. float).
    
        ``parse_constant``, if specified, will be called with one of the
        following strings: -Infinity, Infinity, NaN.
        This can be used to raise an exception if invalid JSON numbers
        are encountered.
    
        To use a custom ``JSONDecoder`` subclass, specify it with the ``cls``
        kwarg; otherwise ``JSONDecoder`` is used.
        """
        if isinstance(s, str):
            if s.startswith('\ufeff'):
                raise JSONDecodeError("Unexpected UTF-8 BOM (decode using utf-8-sig)",
                                      s, 0)
        else:
            if not isinstance(s, (bytes, bytearray)):
>               raise TypeError(f'the JSON object must be str, bytes or bytearray, '
                                f'not {s.__class__.__name__}')
E               TypeError: the JSON object must be str, bytes or bytearray, not NoneType

C:\Program Files\WindowsApps\PythonSoftwareFoundation.Python.3.13_3.13.3568.0_x64__qbz5n2kfra8p0\Lib\json\__init__.py:345: TypeError
____________ test_status_no_note_warning_is_completed_and_playable ____________

tmp_path = WindowsPath('C:/Users/TO GOD BE THE GLORY/AppData/Local/Temp/pytest-of-TO GOD BE THE GLORY/pytest-111/test_status_no_note_warning_is0')

    def test_status_no_note_warning_is_completed_and_playable(tmp_path):
        reset_database()
        session = TestingSessionLocal()
        try:
            owner = create_user(session, "warning-owner", "warning-owner@example.com")
            stem_path = tmp_path / "other.wav"
            stem_path.write_bytes(b"stem")
            transcription = models.Transcription(
                title="No note warning",
                user_id=owner.id,
                selected_stem="other",
                separated_audio_file_path=str(stem_path),
                notes_data='{"notes": [], "message": "No note events detected for this stem."}',
                is_processed=True,
                processing_status="completed_with_warning",
                warning_message="No note events detected for this stem.",
                can_play_stem=True,
                can_generate_score=False,
            )
            session.add(transcription)
            session.commit()
            transcription_id = transcription.id
            session.add(models.InstrumentTrack(
                transcription_id=transcription_id,
                instrument_type="guitar",
                display_name="Guitar",
                stem_audio_path=str(stem_path),
                processing_status="completed_with_warning",
                confidence_notes="No note events detected for this stem.",
            ))
            session.commit()
        finally:
            session.close()
    
        response = client.get(
            f"/api/v1/audio/{transcription_id}/status",
            headers=auth_headers("warning-owner"),
        )
    
        assert response.status_code == 200
        payload = response.json()
>       assert payload == {
            "status": "completed",
            "warning": "No note events detected for this stem.",
            "warning_message": "No note events detected for this stem.",
            "transcription_id": transcription_id,
            "selected_stem": "other",
            "can_play_stem": True,
            "can_generate_score": False,
            "separated_audio_url": None,
            "available_exports": [],
            "is_demo": False,
            "queue_position": None,
            "estimated_wait_time": None,
        }
E       AssertionError: assert {'available_e...e': None, ...} == {'available_e...e': None, ...}
E         Omitting 11 identical items, use -vv to show
E         Differing items:
E         {'status': 'completed_with_warning'} != {'status': 'completed'}
E         Left contains 2 more items:
E         {'modal_dispatch_status': None, 'modal_retry_at': None}
E         Use -v to get more diff

tests\test_audio_list_endpoint.py:893: AssertionError
------------------------------ Captured log call ------------------------------
WARNING  app.api.v1.endpoints.audio:audio.py:477 Could not inspect active Celery tasks during stale cleanup: Error 10061 connecting to localhost:6379. No connection could be made because the target machine actively refused it.
__ test_reprocess_instrument_track_queues_supported_track_and_clears_outputs __

tmp_path = WindowsPath('C:/Users/TO GOD BE THE GLORY/AppData/Local/Temp/pytest-of-TO GOD BE THE GLORY/pytest-111/test_reprocess_instrument_trac2')

    def test_reprocess_instrument_track_queues_supported_track_and_clears_outputs(tmp_path):
        reset_database()
        session = TestingSessionLocal()
        try:
            owner = create_user(session, "reprocess-guitar-owner", "reprocess-guitar-owner@example.com")
            stem_path = tmp_path / "guitar.wav"
            stem_path.write_bytes(b"guitar")
            transcription = models.Transcription(
                title="Queue reprocess song",
                audio_file_path="uploads/queue-reprocess.wav",
                user_id=owner.id,
                is_processed=True,
            )
            session.add(transcription)
            session.commit()
            session.refresh(transcription)
            track = models.InstrumentTrack(
                transcription_id=transcription.id,
                instrument_type="guitar",
                display_name="Guitar",
                stem_audio_path=str(stem_path),
                notes_json=sample_notes_json(),
                tab_json=sample_tab_json("guitar"),
                notation_json="<old />",
                confidence_notes="old note",
                processing_status="completed",
            )
            session.add(track)
            session.commit()
            transcription_id = transcription.id
            track_id = track.id
        finally:
            session.close()
    
        with (
            patch("app.api.v1.endpoints.audio._celery_has_available_worker", return_value=True),
            patch("app.api.v1.endpoints.audio.celery_app.send_task") as send_task_mock,
        ):
            response = client.post(
                f"/api/v1/audio/{transcription_id}/tracks/{track_id}/reprocess",
                headers=auth_headers("reprocess-guitar-owner"),
            )
    
        assert response.status_code == 200
        payload = response.json()
        assert payload["processing_status"] == "processing"
        assert payload["notes_json"] is None
        assert payload["tab_json"] is None
        assert payload["notation_json"] is None
        assert payload["confidence_notes"] is None
>       send_task_mock.assert_called_once_with(
            "app.tasks.reprocess_instrument_track",
            args=[track_id],
        )

tests\test_audio_list_endpoint.py:1935: 
_ _ _ _ _ _ _ _ _ _ _ _ _ _ _ _ _ _ _ _ _ _ _ _ _ _ _ _ _ _ _ _ _ _ _ _ _ _ _ _

self = <MagicMock name='send_task' id='2132498642800'>
args = ('app.tasks.reprocess_instrument_track',), kwargs = {'args': [1]}
msg = "Expected 'send_task' to be called once. Called 0 times."

    def assert_called_once_with(self, /, *args, **kwargs):
        """assert that the mock was called exactly once and that that call was
        with the specified arguments."""
        if not self.call_count == 1:
            msg = ("Expected '%s' to be called once. Called %s times.%s"
                   % (self._mock_name or 'mock',
                      self.call_count,
                      self._calls_repr()))
>           raise AssertionError(msg)
E           AssertionError: Expected 'send_task' to be called once. Called 0 times.

C:\Program Files\WindowsApps\PythonSoftwareFoundation.Python.3.13_3.13.3568.0_x64__qbz5n2kfra8p0\Lib\unittest\mock.py:990: AssertionError
------------------------------ Captured log call ------------------------------
ERROR    app.api.v1.endpoints.audio:audio.py:349 Modal trigger failed for transcription 1; leaving job queued: (sqlite3.OperationalError) no such column: transcriptions.modal_dispatch_status
[SQL: SELECT transcriptions.id AS transcriptions_id, transcriptions.title AS transcriptions_title, transcriptions.audio_file_path AS transcriptions_audio_file_path, transcriptions.preprocessed_audio_file_path AS transcriptions_preprocessed_audio_file_path, transcriptions.selected_stem AS transcriptions_selected_stem, transcriptions.processing_status AS transcriptions_processing_status, transcriptions.queue_position AS transcriptions_queue_position, transcriptions.estimated_wait_time AS transcriptions_estimated_wait_time, transcriptions.celery_task_id AS transcriptions_celery_task_id, transcriptions.modal_dispatch_status AS transcriptions_modal_dispatch_status, transcriptions.modal_job_type AS transcriptions_modal_job_type, transcriptions.modal_dispatched_at AS transcriptions_modal_dispatched_at, transcriptions.modal_request_id AS transcriptions_modal_request_id, transcriptions.modal_retry_at AS transcriptions_modal_retry_at, transcriptions.modal_retry_count AS transcriptions_modal_retry_count, transcriptions.separated_audio_file_path AS transcriptions_separated_audio_file_path, transcriptions.midi_file_path AS transcriptions_midi_file_path, transcriptions.tab_file_path AS transcriptions_tab_file_path, transcriptions.youtube_url AS transcriptions_youtube_url, transcriptions.source_type AS transcriptions_source_type, transcriptions.source_url AS transcriptions_source_url, transcriptions.normalized_source_id AS transcriptions_normalized_source_id, transcriptions.audio_hash AS transcriptions_audio_hash, transcriptions.duplicate_of_id AS transcriptions_duplicate_of_id, transcriptions.is_demo AS transcriptions_is_demo, transcriptions.is_deleted AS transcriptions_is_deleted, transcriptions.deleted_at AS transcriptions_deleted_at, transcriptions.original_audio_url AS transcriptions_original_audio_url, transcriptions.original_audio_public_id AS transcriptions_original_audio_public_id, transcriptions.separated_audio_url AS transcriptions_separated_audio_url, transcriptions.separated_audio_public_id AS transcriptions_separated_audio_public_id, transcriptions.midi_file_url AS transcriptions_midi_file_url, transcriptions.midi_file_public_id AS transcriptions_midi_file_public_id, transcriptions.tab_file_url AS transcriptions_tab_file_url, transcriptions.tab_file_public_id AS transcriptions_tab_file_public_id, transcriptions.duration AS transcriptions_duration, transcriptions.detected_tempo AS transcriptions_detected_tempo, transcriptions.tempo_confidence AS transcriptions_tempo_confidence, transcriptions.detected_key AS transcriptions_detected_key, transcriptions.key_confidence AS transcriptions_key_confidence, transcriptions.user_id AS transcriptions_user_id, transcriptions.project_id AS transcriptions_project_id, transcriptions.is_processed AS transcriptions_is_processed, transcriptions.processing_error AS transcriptions_processing_error, transcriptions.warning_message AS transcriptions_warning_message, transcriptions.can_generate_score AS transcriptions_can_generate_score, transcriptions.can_play_stem AS transcriptions_can_play_stem, transcriptions.transcription_attempts AS transcriptions_transcription_attempts, transcriptions.created_at AS transcriptions_created_at, transcriptions.updated_at AS transcriptions_updated_at, transcriptions.notes_data AS transcriptions_notes_data, transcriptions.chords_data AS transcriptions_chords_data, transcriptions.tablature_data AS transcriptions_tablature_data, transcriptions.notation_data AS transcriptions_notation_data, transcriptions.chord_chart_data AS transcriptions_chord_chart_data 
FROM transcriptions 
WHERE transcriptions.id = ?
 LIMIT ? OFFSET ?]
[parameters: (1, 1, 0)]
(Background on this error at: https://sqlalche.me/e/21/e3q8)
_____________ test_reprocess_drum_track_queues_and_clears_outputs _____________

tmp_path = WindowsPath('C:/Users/TO GOD BE THE GLORY/AppData/Local/Temp/pytest-of-TO GOD BE THE GLORY/pytest-111/test_reprocess_drum_track_queu0')

    def test_reprocess_drum_track_queues_and_clears_outputs(tmp_path):
        reset_database()
        session = TestingSessionLocal()
        try:
            owner = create_user(session, "reprocess-drum-owner", "reprocess-drum-owner@example.com")
            stem_path = tmp_path / "drums.wav"
            stem_path.write_bytes(b"drums")
            transcription = models.Transcription(
                title="Queue drum reprocess song",
                audio_file_path="uploads/queue-drum-reprocess.wav",
                user_id=owner.id,
                is_processed=True,
            )
            session.add(transcription)
            session.commit()
            session.refresh(transcription)
            track = models.InstrumentTrack(
                transcription_id=transcription.id,
                instrument_type="drums",
                display_name="Drums",
                stem_audio_path=str(stem_path),
                notes_json='{"drum_hits": [{"onset": 0.0}]}',
                tab_json='{"old": true}',
                notation_json="<old />",
                confidence_notes="old note",
                processing_status="completed",
            )
            session.add(track)
            session.commit()
            transcription_id = transcription.id
            track_id = track.id
        finally:
            session.close()
    
        with (
            patch("app.api.v1.endpoints.audio._celery_has_available_worker", return_value=True),
            patch("app.api.v1.endpoints.audio.celery_app.send_task") as send_task_mock,
        ):
            response = client.post(
                f"/api/v1/audio/{transcription_id}/tracks/{track_id}/reprocess",
                headers=auth_headers("reprocess-drum-owner"),
            )
    
        assert response.status_code == 200
        payload = response.json()
        assert payload["processing_status"] == "processing"
        assert payload["notes_json"] is None
        assert payload["tab_json"] is None
        assert payload["notation_json"] is None
        assert payload["confidence_notes"] is None
>       send_task_mock.assert_called_once_with(
            "app.tasks.reprocess_instrument_track",
            args=[track_id],
        )

tests\test_audio_list_endpoint.py:1991: 
_ _ _ _ _ _ _ _ _ _ _ _ _ _ _ _ _ _ _ _ _ _ _ _ _ _ _ _ _ _ _ _ _ _ _ _ _ _ _ _

self = <MagicMock name='send_task' id='2132498642128'>
args = ('app.tasks.reprocess_instrument_track',), kwargs = {'args': [1]}
msg = "Expected 'send_task' to be called once. Called 0 times."

    def assert_called_once_with(self, /, *args, **kwargs):
        """assert that the mock was called exactly once and that that call was
        with the specified arguments."""
        if not self.call_count == 1:
            msg = ("Expected '%s' to be called once. Called %s times.%s"
                   % (self._mock_name or 'mock',
                      self.call_count,
                      self._calls_repr()))
>           raise AssertionError(msg)
E           AssertionError: Expected 'send_task' to be called once. Called 0 times.

C:\Program Files\WindowsApps\PythonSoftwareFoundation.Python.3.13_3.13.3568.0_x64__qbz5n2kfra8p0\Lib\unittest\mock.py:990: AssertionError
------------------------------ Captured log call ------------------------------
ERROR    app.api.v1.endpoints.audio:audio.py:349 Modal trigger failed for transcription 1; leaving job queued: (sqlite3.OperationalError) no such column: transcriptions.modal_dispatch_status
[SQL: SELECT transcriptions.id AS transcriptions_id, transcriptions.title AS transcriptions_title, transcriptions.audio_file_path AS transcriptions_audio_file_path, transcriptions.preprocessed_audio_file_path AS transcriptions_preprocessed_audio_file_path, transcriptions.selected_stem AS transcriptions_selected_stem, transcriptions.processing_status AS transcriptions_processing_status, transcriptions.queue_position AS transcriptions_queue_position, transcriptions.estimated_wait_time AS transcriptions_estimated_wait_time, transcriptions.celery_task_id AS transcriptions_celery_task_id, transcriptions.modal_dispatch_status AS transcriptions_modal_dispatch_status, transcriptions.modal_job_type AS transcriptions_modal_job_type, transcriptions.modal_dispatched_at AS transcriptions_modal_dispatched_at, transcriptions.modal_request_id AS transcriptions_modal_request_id, transcriptions.modal_retry_at AS transcriptions_modal_retry_at, transcriptions.modal_retry_count AS transcriptions_modal_retry_count, transcriptions.separated_audio_file_path AS transcriptions_separated_audio_file_path, transcriptions.midi_file_path AS transcriptions_midi_file_path, transcriptions.tab_file_path AS transcriptions_tab_file_path, transcriptions.youtube_url AS transcriptions_youtube_url, transcriptions.source_type AS transcriptions_source_type, transcriptions.source_url AS transcriptions_source_url, transcriptions.normalized_source_id AS transcriptions_normalized_source_id, transcriptions.audio_hash AS transcriptions_audio_hash, transcriptions.duplicate_of_id AS transcriptions_duplicate_of_id, transcriptions.is_demo AS transcriptions_is_demo, transcriptions.is_deleted AS transcriptions_is_deleted, transcriptions.deleted_at AS transcriptions_deleted_at, transcriptions.original_audio_url AS transcriptions_original_audio_url, transcriptions.original_audio_public_id AS transcriptions_original_audio_public_id, transcriptions.separated_audio_url AS transcriptions_separated_audio_url, transcriptions.separated_audio_public_id AS transcriptions_separated_audio_public_id, transcriptions.midi_file_url AS transcriptions_midi_file_url, transcriptions.midi_file_public_id AS transcriptions_midi_file_public_id, transcriptions.tab_file_url AS transcriptions_tab_file_url, transcriptions.tab_file_public_id AS transcriptions_tab_file_public_id, transcriptions.duration AS transcriptions_duration, transcriptions.detected_tempo AS transcriptions_detected_tempo, transcriptions.tempo_confidence AS transcriptions_tempo_confidence, transcriptions.detected_key AS transcriptions_detected_key, transcriptions.key_confidence AS transcriptions_key_confidence, transcriptions.user_id AS transcriptions_user_id, transcriptions.project_id AS transcriptions_project_id, transcriptions.is_processed AS transcriptions_is_processed, transcriptions.processing_error AS transcriptions_processing_error, transcriptions.warning_message AS transcriptions_warning_message, transcriptions.can_generate_score AS transcriptions_can_generate_score, transcriptions.can_play_stem AS transcriptions_can_play_stem, transcriptions.transcription_attempts AS transcriptions_transcription_attempts, transcriptions.created_at AS transcriptions_created_at, transcriptions.updated_at AS transcriptions_updated_at, transcriptions.notes_data AS transcriptions_notes_data, transcriptions.chords_data AS transcriptions_chords_data, transcriptions.tablature_data AS transcriptions_tablature_data, transcriptions.notation_data AS transcriptions_notation_data, transcriptions.chord_chart_data AS transcriptions_chord_chart_data 
FROM transcriptions 
WHERE transcriptions.id = ?
 LIMIT ? OFFSET ?]
[parameters: (1, 1, 0)]
(Background on this error at: https://sqlalche.me/e/21/e3q8)
_________ test_get_track_midi_export_generates_midi_from_track_notes __________

    def test_get_track_midi_export_generates_midi_from_track_notes():
        reset_database()
        session = TestingSessionLocal()
        try:
            owner = create_user(session, "track-midi-owner", "track-midi-owner@example.com")
            transcription = models.Transcription(
                title="MIDI export song",
                audio_file_path="uploads/midi.wav",
                user_id=owner.id,
                is_processed=True,
            )
            session.add(transcription)
            session.commit()
            session.refresh(transcription)
    
            track = models.InstrumentTrack(
                transcription_id=transcription.id,
                instrument_type="guitar",
                display_name="Guitar",
                notes_json=sample_notes_json(),
                tab_json=sample_tab_json("guitar"),
                processing_status="completed",
            )
            session.add(track)
            session.commit()
            transcription_id = transcription.id
            track_id = track.id
        finally:
            session.close()
    
        response = client.get(
            f"/api/v1/audio/{transcription_id}/tracks/{track_id}/midi",
            headers=auth_headers("track-midi-owner"),
        )
    
>       assert response.status_code == 200
E       assert 500 == 200
E        +  where 500 = <Response [500 Internal Server Error]>.status_code

tests\test_audio_list_endpoint.py:2154: AssertionError
_____ test_get_track_musicxml_export_generates_and_persists_when_missing ______

    def test_get_track_musicxml_export_generates_and_persists_when_missing():
        reset_database()
        session = TestingSessionLocal()
        try:
            owner = create_user(session, "track-xml-gen-owner", "track-xml-gen-owner@example.com")
            transcription = models.Transcription(
                title="Generate MusicXML song",
                audio_file_path="uploads/xml-gen.wav",
                user_id=owner.id,
                is_processed=True,
            )
            session.add(transcription)
            session.commit()
            session.refresh(transcription)
    
            track = models.InstrumentTrack(
                transcription_id=transcription.id,
                instrument_type="guitar",
                display_name="Guitar",
                notes_json=sample_notes_json(),
                tab_json=sample_tab_json("guitar"),
                processing_status="completed",
            )
            session.add(track)
            session.commit()
            transcription_id = transcription.id
            track_id = track.id
        finally:
            session.close()
    
>       with patch(
            "app.api.v1.endpoints.audio.midi.midi_to_musicxml",
            return_value="<score-partwise generated=\"true\"></score-partwise>",
        ):

tests\test_audio_list_endpoint.py:2281: 
_ _ _ _ _ _ _ _ _ _ _ _ _ _ _ _ _ _ _ _ _ _ _ _ _ _ _ _ _ _ _ _ _ _ _ _ _ _ _ _
C:\Program Files\WindowsApps\PythonSoftwareFoundation.Python.3.13_3.13.3568.0_x64__qbz5n2kfra8p0\Lib\unittest\mock.py:1487: in __enter__
    self.target = self.getter()
_ _ _ _ _ _ _ _ _ _ _ _ _ _ _ _ _ _ _ _ _ _ _ _ _ _ _ _ _ _ _ _ _ _ _ _ _ _ _ _

name = 'app.api.v1.endpoints.audio.midi'

    def resolve_name(name):
        """
        Resolve a name to an object.
    
        It is expected that `name` will be a string in one of the following
        formats, where W is shorthand for a valid Python identifier and dot stands
        for a literal period in these pseudo-regexes:
    
        W(.W)*
        W(.W)*:(W(.W)*)?
    
        The first form is intended for backward compatibility only. It assumes that
        some part of the dotted name is a package, and the rest is an object
        somewhere within that package, possibly nested inside other objects.
        Because the place where the package stops and the object hierarchy starts
        can't be inferred by inspection, repeated attempts to import must be done
        with this form.
    
        In the second form, the caller makes the division point clear through the
        provision of a single colon: the dotted name to the left of the colon is a
        package to be imported, and the dotted name to the right is the object
        hierarchy within that package. Only one import is needed in this form. If
        it ends with the colon, then a module object is returned.
    
        The function will return an object (which might be a module), or raise one
        of the following exceptions:
    
        ValueError - if `name` isn't in a recognised format
        ImportError - if an import failed when it shouldn't have
        AttributeError - if a failure occurred when traversing the object hierarchy
                         within the imported package to get to the desired object.
        """
        global _NAME_PATTERN
        if _NAME_PATTERN is None:
            # Lazy import to speedup Python startup time
            import re
            dotted_words = r'(?!\d)(\w+)(\.(?!\d)(\w+))*'
            _NAME_PATTERN = re.compile(f'^(?P<pkg>{dotted_words})'
                                       f'(?P<cln>:(?P<obj>{dotted_words})?)?$',
                                       re.UNICODE)
    
        m = _NAME_PATTERN.match(name)
        if not m:
            raise ValueError(f'invalid format: {name!r}')
        gd = m.groupdict()
        if gd.get('cln'):
            # there is a colon - a one-step import is all that's needed
            mod = importlib.import_module(gd['pkg'])
            parts = gd.get('obj')
            parts = parts.split('.') if parts else []
        else:
            # no colon - have to iterate to find the package boundary
            parts = name.split('.')
            modname = parts.pop(0)
            # first part *must* be a module/package.
            mod = importlib.import_module(modname)
            while parts:
                p = parts[0]
                s = f'{modname}.{p}'
                try:
                    mod = importlib.import_module(s)
                    parts.pop(0)
                    modname = s
                except ImportError:
                    break
        # if we reach this point, mod is the module, already imported, and
        # parts is the list of parts in the object hierarchy to be traversed, or
        # an empty list if just the module is wanted.
        result = mod
        for p in parts:
>           result = getattr(result, p)
E           AttributeError: module 'app.api.v1.endpoints.audio' has no attribute 'midi'

C:\Program Files\WindowsApps\PythonSoftwareFoundation.Python.3.13_3.13.3568.0_x64__qbz5n2kfra8p0\Lib\pkgutil.py:528: AttributeError
============================== warnings summary ===============================
app\db.py:36
  C:\Users\TO GOD BE THE GLORY\Desktop\cwm_claude_code\generate musicsheet\backend\app\db.py:36: MovedIn20Warning: The ``declarative_base()`` function is now available as sqlalchemy.orm.declarative_base(). (deprecated since: 2.0) (Background on SQLAlchemy 2.0 at: https://sqlalche.me/e/b8d9)
    Base = declarative_base()

tests/test_audio_list_endpoint.py::test_list_transcriptions_rejects_expired_token
  C:\Users\TO GOD BE THE GLORY\Desktop\cwm_claude_code\generate musicsheet\backend\app\core\security.py:33: DeprecationWarning: datetime.datetime.utcnow() is deprecated and scheduled for removal in a future version. Use timezone-aware objects to represent datetimes in UTC: datetime.datetime.now(datetime.UTC).
    expire = datetime.utcnow() + expires_delta

tests/test_audio_list_endpoint.py: 52 warnings
  C:\Users\TO GOD BE THE GLORY\AppData\Local\Packages\PythonSoftwareFoundation.Python.3.13_qbz5n2kfra8p0\LocalCache\local-packages\Python313\site-packages\jose\jwt.py:311: DeprecationWarning: datetime.datetime.utcnow() is deprecated and scheduled for removal in a future version. Use timezone-aware objects to represent datetimes in UTC: datetime.datetime.now(datetime.UTC).
    now = timegm(datetime.utcnow().utctimetuple())

tests/test_audio_list_endpoint.py::test_list_transcriptions_accepts_valid_token_after_invalid_token_cycle
  C:\Users\TO GOD BE THE GLORY\Desktop\cwm_claude_code\generate musicsheet\backend\tests\test_audio_list_endpoint.py:153: DeprecationWarning: datetime.datetime.utcnow() is deprecated and scheduled for removal in a future version. Use timezone-aware objects to represent datetimes in UTC: datetime.datetime.now(datetime.UTC).
    created_at=datetime.utcnow(),

tests/test_audio_list_endpoint.py: 51 warnings
  C:\Users\TO GOD BE THE GLORY\Desktop\cwm_claude_code\generate musicsheet\backend\app\core\security.py:35: DeprecationWarning: datetime.datetime.utcnow() is deprecated and scheduled for removal in a future version. Use timezone-aware objects to represent datetimes in UTC: datetime.datetime.now(datetime.UTC).
    expire = datetime.utcnow() + timedelta(minutes=15)

tests/test_audio_list_endpoint.py::test_get_transcription_source_audio_normalizes_windows_style_uploaded_path
  C:\Users\TO GOD BE THE GLORY\Desktop\cwm_claude_code\generate musicsheet\backend\tests\test_audio_list_endpoint.py:187: DeprecationWarning: datetime.datetime.utcnow() is deprecated and scheduled for removal in a future version. Use timezone-aware objects to represent datetimes in UTC: datetime.datetime.now(datetime.UTC).
    created_at=datetime.utcnow(),

tests/test_audio_list_endpoint.py::test_worker_complete_triggers_oldest_queued_modal_job
  C:\Users\TO GOD BE THE GLORY\Desktop\cwm_claude_code\generate musicsheet\backend\tests\test_audio_list_endpoint.py:586: DeprecationWarning: datetime.datetime.utcnow() is deprecated and scheduled for removal in a future version. Use timezone-aware objects to represent datetimes in UTC: datetime.datetime.now(datetime.UTC).
    created_at=datetime.utcnow() + timedelta(seconds=1),

-- Docs: https://docs.pytest.org/en/stable/how-to/capture-warnings.html
=========================== short test summary info ===========================
FAILED tests/test_audio_list_endpoint.py::test_worker_complete_triggers_oldest_queued_modal_job
FAILED tests/test_audio_list_endpoint.py::test_worker_complete_persists_empty_notes_warning_for_modal_stem
FAILED tests/test_audio_list_endpoint.py::test_status_no_note_warning_is_completed_and_playable
FAILED tests/test_audio_list_endpoint.py::test_reprocess_instrument_track_queues_supported_track_and_clears_outputs
FAILED tests/test_audio_list_endpoint.py::test_reprocess_drum_track_queues_and_clears_outputs
FAILED tests/test_audio_list_endpoint.py::test_get_track_midi_export_generates_midi_from_track_notes
FAILED tests/test_audio_list_endpoint.py::test_get_track_musicxml_export_generates_and_persists_when_missing
7 failed, 53 passed, 108 warnings in 87.54s (0:01:27)
